../Core/Src/main.c:84:6:mflush	8	static
../Core/Src/main.c:89:1:__io_putchar	16	static
../Core/Src/main.c:103:5:main	8	static,ignoring_inline_asm
../Core/Src/main.c:166:6:SystemClock_Config	120	static
../Core/Src/main.c:225:6:PeriphCommonClock_Config	200	static
../Core/Src/main.c:252:13:MX_RNG_Init	8	static
../Core/Src/main.c:279:13:MX_SPI1_Init	8	static
../Core/Src/main.c:327:13:MX_SPI2_Init	8	static
../Core/Src/main.c:374:13:MX_USART1_UART_Init	8	static
../Core/Src/main.c:420:13:MX_DMA_Init	16	static
../Core/Src/main.c:441:13:MX_GPIO_Init	48	static
../Core/Src/main.c:475:6:Error_Handler	40	static,ignoring_inline_asm
