../Core/Src/stm32h7xx_it.c:74:6:NMI_Handler	4	static
../Core/Src/stm32h7xx_it.c:89:6:HardFault_Handler_C	48	static
../Core/Src/stm32h7xx_it.c:111:6:HardFault_Handler	40	static,ignoring_inline_asm
../Core/Src/stm32h7xx_it.c:154:6:MemManage_Handler	4	static
../Core/Src/stm32h7xx_it.c:169:6:BusFault_Handler	4	static
../Core/Src/stm32h7xx_it.c:184:6:UsageFault_Handler	4	static
../Core/Src/stm32h7xx_it.c:199:6:SVC_Handler	4	static
../Core/Src/stm32h7xx_it.c:212:6:DebugMon_Handler	4	static
../Core/Src/stm32h7xx_it.c:225:6:PendSV_Handler	4	static
../Core/Src/stm32h7xx_it.c:238:6:SysTick_Handler	8	static
../Core/Src/stm32h7xx_it.c:259:6:DMA1_Stream0_IRQHandler	8	static
../Core/Src/stm32h7xx_it.c:273:6:DMA1_Stream1_IRQHandler	8	static
../Core/Src/stm32h7xx_it.c:287:6:SPI1_IRQHandler	8	static
../Core/Src/stm32h7xx_it.c:301:6:SPI2_IRQHandler	8	static
../Core/Src/stm32h7xx_it.c:315:6:OTG_HS_IRQHandler	8	static
../Core/Src/stm32h7xx_it.c:329:6:OTG_FS_IRQHandler	8	static
