../Middlewares/ST/STM32_USB_Host_Library/Core/Src/usbh_core.c:96:20:USBH_Init	24	static
../Middlewares/ST/STM32_USB_Host_Library/Core/Src/usbh_core.c:178:20:USBH_DeInit	16	static
../Middlewares/ST/STM32_USB_Host_Library/Core/Src/usbh_core.c:221:27:DeInitStateMachine	24	static
../Middlewares/ST/STM32_USB_Host_Library/Core/Src/usbh_core.c:267:20:USBH_RegisterClass	24	static
../Middlewares/ST/STM32_USB_Host_Library/Core/Src/usbh_core.c:302:20:USBH_SelectInterface	24	static
../Middlewares/ST/STM32_USB_Host_Library/Core/Src/usbh_core.c:331:9:USBH_GetActiveClass	16	static
../Middlewares/ST/STM32_USB_Host_Library/Core/Src/usbh_core.c:347:9:USBH_FindInterface	32	static
../Middlewares/ST/STM32_USB_Host_Library/Core/Src/usbh_core.c:380:9:USBH_FindInterfaceIndex	32	static
../Middlewares/ST/STM32_USB_Host_Library/Core/Src/usbh_core.c:408:20:USBH_Start	16	static
../Middlewares/ST/STM32_USB_Host_Library/Core/Src/usbh_core.c:426:20:USBH_Stop	16	static
../Middlewares/ST/STM32_USB_Host_Library/Core/Src/usbh_core.c:448:20:USBH_ReEnumerate	16	static
../Middlewares/ST/STM32_USB_Host_Library/Core/Src/usbh_core.c:474:20:USBH_Process	40	static
../Middlewares/ST/STM32_USB_Host_Library/Core/Src/usbh_core.c:801:27:USBH_HandleEnum	40	static
../Middlewares/ST/STM32_USB_Host_Library/Core/Src/usbh_core.c:1115:6:USBH_LL_SetTimer	16	static
../Middlewares/ST/STM32_USB_Host_Library/Core/Src/usbh_core.c:1127:6:USBH_LL_IncTimer	16	static
../Middlewares/ST/STM32_USB_Host_Library/Core/Src/usbh_core.c:1140:13:USBH_HandleSof	16	static
../Middlewares/ST/STM32_USB_Host_Library/Core/Src/usbh_core.c:1155:6:USBH_LL_PortEnabled	16	static
../Middlewares/ST/STM32_USB_Host_Library/Core/Src/usbh_core.c:1173:6:USBH_LL_PortDisabled	16	static
../Middlewares/ST/STM32_USB_Host_Library/Core/Src/usbh_core.c:1188:9:USBH_IsPortEnabled	16	static
../Middlewares/ST/STM32_USB_Host_Library/Core/Src/usbh_core.c:1200:20:USBH_LL_Connect	16	static
../Middlewares/ST/STM32_USB_Host_Library/Core/Src/usbh_core.c:1220:20:USBH_LL_Disconnect	16	static
